2026-03-14T16:22:38.020Z - info: Website generation started at 17:22:37
2026-03-14T16:22:38.053Z - warn: ENOENT: no such file or directory, open '/Users/ric/dev/sbc/courses/ai-literacy/dist/markbind/_markbind/variables.md'
2026-03-14T16:22:38.057Z - info: Building assets...
2026-03-14T16:22:38.068Z - info: Assets built
2026-03-14T16:22:38.069Z - info: Generating pages...
2026-03-14T16:22:38.210Z - error: 'default.md' layout does not exist
2026-03-14T16:22:38.211Z - error: 'default.md' layout does not exist
2026-03-14T16:22:38.212Z - error: 'default.md' layout does not exist
2026-03-14T16:22:38.213Z - error: 'default.md' layout does not exist
2026-03-14T16:22:38.322Z - error: 'default.md' layout does not exist
2026-03-14T16:22:38.323Z - error: 'default.md' layout does not exist
2026-03-14T16:22:38.364Z - error: 'default.md' layout does not exist
2026-03-14T16:22:38.365Z - error: 'default.md' layout does not exist
2026-03-14T16:22:38.420Z - error: 'default.md' layout does not exist
2026-03-14T16:22:38.452Z - error: 'default.md' layout does not exist
2026-03-14T16:22:38.473Z - info: Pages built
2026-03-14T16:22:38.584Z - info: Site data built
2026-03-14T16:22:38.584Z - info: Website generation complete! Total build time: 0.585s
2026-03-14T16:22:38.585Z - info: Build success!
2026-03-14T16:23:03.524Z - info: Website generation started at 17:23:03
2026-03-14T16:23:03.555Z - warn: ENOENT: no such file or directory, open '/Users/ric/dev/sbc/courses/ai-literacy/dist/markbind/_markbind/variables.md'
2026-03-14T16:23:03.579Z - info: Building assets...
2026-03-14T16:23:03.594Z - info: Assets built
2026-03-14T16:23:03.595Z - info: Generating pages...
2026-03-14T16:23:03.760Z - error: 'default.md' layout does not exist
2026-03-14T16:23:03.761Z - error: 'default.md' layout does not exist
2026-03-14T16:23:03.762Z - error: 'default.md' layout does not exist
2026-03-14T16:23:03.763Z - error: 'default.md' layout does not exist
2026-03-14T16:23:03.884Z - error: 'default.md' layout does not exist
2026-03-14T16:23:03.885Z - error: 'default.md' layout does not exist
2026-03-14T16:23:03.914Z - error: 'default.md' layout does not exist
2026-03-14T16:23:03.937Z - error: 'default.md' layout does not exist
2026-03-14T16:23:03.977Z - error: 'default.md' layout does not exist
2026-03-14T16:23:04.006Z - error: 'default.md' layout does not exist
2026-03-14T16:23:04.029Z - info: Pages built
2026-03-14T16:23:04.086Z - info: Site data built
2026-03-14T16:23:04.086Z - info: Website generation complete! Total build time: 0.604s
2026-03-14T16:23:04.086Z - info: Build success!
2026-03-14T16:23:26.285Z - info: Website generation started at 17:23:26
2026-03-14T16:23:26.312Z - warn: ENOENT: no such file or directory, open '/Users/ric/dev/sbc/courses/ai-literacy/dist/markbind/_markbind/variables.md'
2026-03-14T16:23:26.317Z - info: Building assets...
2026-03-14T16:23:26.327Z - info: Assets built
2026-03-14T16:23:26.328Z - info: Generating pages...
2026-03-14T16:23:26.461Z - error: 'default.md' layout does not exist
2026-03-14T16:23:26.462Z - error: 'default.md' layout does not exist
2026-03-14T16:23:26.463Z - error: 'default.md' layout does not exist
2026-03-14T16:23:26.464Z - error: 'default.md' layout does not exist
2026-03-14T16:23:26.596Z - error: 'default.md' layout does not exist
2026-03-14T16:23:26.597Z - error: 'default.md' layout does not exist
2026-03-14T16:23:26.644Z - error: 'default.md' layout does not exist
2026-03-14T16:23:26.644Z - error: 'default.md' layout does not exist
2026-03-14T16:23:26.693Z - error: 'default.md' layout does not exist
2026-03-14T16:23:26.729Z - error: 'default.md' layout does not exist
2026-03-14T16:23:26.751Z - info: Pages built
2026-03-14T16:23:26.820Z - info: Site data built
2026-03-14T16:23:26.820Z - info: Website generation complete! Total build time: 0.578s
2026-03-14T16:23:26.820Z - info: Build success!
2026-03-14T16:31:49.523Z - info: Website generation started at 17:31:49
2026-03-14T16:31:49.550Z - warn: ENOENT: no such file or directory, open '/Users/ric/dev/sbc/courses/ai-literacy/dist/markbind/_markbind/variables.md'
2026-03-14T16:31:49.554Z - info: Building assets...
2026-03-14T16:31:49.564Z - info: Assets built
2026-03-14T16:31:49.565Z - info: Generating pages...
2026-03-14T16:31:49.688Z - error: 'default.md' layout does not exist
2026-03-14T16:31:49.688Z - error: 'default.md' layout does not exist
2026-03-14T16:31:49.689Z - error: 'default.md' layout does not exist
2026-03-14T16:31:49.690Z - error: 'default.md' layout does not exist
2026-03-14T16:31:49.801Z - error: 'default.md' layout does not exist
2026-03-14T16:31:49.801Z - error: 'default.md' layout does not exist
2026-03-14T16:31:49.833Z - error: 'default.md' layout does not exist
2026-03-14T16:31:49.856Z - error: 'default.md' layout does not exist
2026-03-14T16:31:49.921Z - error: 'default.md' layout does not exist
2026-03-14T16:31:49.921Z - error: 'default.md' layout does not exist
2026-03-14T16:31:49.957Z - info: Pages built
2026-03-14T16:31:50.093Z - info: Site data built
2026-03-14T16:31:50.093Z - info: Website generation complete! Total build time: 0.612s
2026-03-14T16:31:50.093Z - info: Build success!
2026-03-14T16:34:08.732Z - info: Website generation started at 17:34:08
2026-03-14T16:34:08.764Z - warn: ENOENT: no such file or directory, open '/Users/ric/dev/sbc/courses/ai-literacy/dist/markbind/_markbind/variables.md'
2026-03-14T16:34:08.769Z - info: Building assets...
